vendor/github.com/openshift/build-machinery-go/make/targets/openshift/imagebuilder.mk:19: warning: overriding recipe for target 'ensure-imagebuilder'
vendor/github.com/openshift/build-machinery-go/make/targets/openshift/imagebuilder.mk:19: warning: ignoring old recipe for target 'ensure-imagebuilder'
fatal: No names found, cannot describe anything.
fatal: No names found, cannot describe anything.
fatal: No names found, cannot describe anything.
fatal: No names found, cannot describe anything.
fatal: No names found, cannot describe anything.
fatal: No names found, cannot describe anything.
fatal: No names found, cannot describe anything.
fatal: No names found, cannot describe anything.
fatal: No names found, cannot describe anything.
fatal: No names found, cannot describe anything.
fatal: No names found, cannot describe anything.
fatal: No names found, cannot describe anything.
go build -mod=vendor -trimpath -ldflags "-X github.com/stolostron/multicloud-operators-foundation/pkg/version.versionFromGit="v0.0.0-unknown-7976c24" -X github.com/stolostron/multicloud-operators-foundation/pkg/version.commitFromGit="7976c24" -X github.com/stolostron/multicloud-operators-foundation/pkg/version.gitTreeState="clean" -X github.com/stolostron/multicloud-operators-foundation/pkg/version.buildDate="2026-02-06T04:35:55Z" " github.com/stolostron/multicloud-operators-foundation/cmd/agent
go build -mod=vendor -trimpath -ldflags "-X github.com/stolostron/multicloud-operators-foundation/pkg/version.versionFromGit="v0.0.0-unknown-7976c24" -X github.com/stolostron/multicloud-operators-foundation/pkg/version.commitFromGit="7976c24" -X github.com/stolostron/multicloud-operators-foundation/pkg/version.gitTreeState="clean" -X github.com/stolostron/multicloud-operators-foundation/pkg/version.buildDate="2026-02-06T04:35:55Z" " github.com/stolostron/multicloud-operators-foundation/cmd/agent/app
go build -mod=vendor -trimpath -ldflags "-X github.com/stolostron/multicloud-operators-foundation/pkg/version.versionFromGit="v0.0.0-unknown-7976c24" -X github.com/stolostron/multicloud-operators-foundation/pkg/version.commitFromGit="7976c24" -X github.com/stolostron/multicloud-operators-foundation/pkg/version.gitTreeState="clean" -X github.com/stolostron/multicloud-operators-foundation/pkg/version.buildDate="2026-02-06T04:35:55Z" " github.com/stolostron/multicloud-operators-foundation/cmd/agent/app/options
go build -mod=vendor -trimpath -ldflags "-X github.com/stolostron/multicloud-operators-foundation/pkg/version.versionFromGit="v0.0.0-unknown-7976c24" -X github.com/stolostron/multicloud-operators-foundation/pkg/version.commitFromGit="7976c24" -X github.com/stolostron/multicloud-operators-foundation/pkg/version.gitTreeState="clean" -X github.com/stolostron/multicloud-operators-foundation/pkg/version.buildDate="2026-02-06T04:35:55Z" " github.com/stolostron/multicloud-operators-foundation/cmd/controller
go build -mod=vendor -trimpath -ldflags "-X github.com/stolostron/multicloud-operators-foundation/pkg/version.versionFromGit="v0.0.0-unknown-7976c24" -X github.com/stolostron/multicloud-operators-foundation/pkg/version.commitFromGit="7976c24" -X github.com/stolostron/multicloud-operators-foundation/pkg/version.gitTreeState="clean" -X github.com/stolostron/multicloud-operators-foundation/pkg/version.buildDate="2026-02-06T04:35:55Z" " github.com/stolostron/multicloud-operators-foundation/cmd/controller/app
go build -mod=vendor -trimpath -ldflags "-X github.com/stolostron/multicloud-operators-foundation/pkg/version.versionFromGit="v0.0.0-unknown-7976c24" -X github.com/stolostron/multicloud-operators-foundation/pkg/version.commitFromGit="7976c24" -X github.com/stolostron/multicloud-operators-foundation/pkg/version.gitTreeState="clean" -X github.com/stolostron/multicloud-operators-foundation/pkg/version.buildDate="2026-02-06T04:35:56Z" " github.com/stolostron/multicloud-operators-foundation/cmd/controller/app/options
go build -mod=vendor -trimpath -ldflags "-X github.com/stolostron/multicloud-operators-foundation/pkg/version.versionFromGit="v0.0.0-unknown-7976c24" -X github.com/stolostron/multicloud-operators-foundation/pkg/version.commitFromGit="7976c24" -X github.com/stolostron/multicloud-operators-foundation/pkg/version.gitTreeState="clean" -X github.com/stolostron/multicloud-operators-foundation/pkg/version.buildDate="2026-02-06T04:35:56Z" " github.com/stolostron/multicloud-operators-foundation/cmd/proxyserver
go build -mod=vendor -trimpath -ldflags "-X github.com/stolostron/multicloud-operators-foundation/pkg/version.versionFromGit="v0.0.0-unknown-7976c24" -X github.com/stolostron/multicloud-operators-foundation/pkg/version.commitFromGit="7976c24" -X github.com/stolostron/multicloud-operators-foundation/pkg/version.gitTreeState="clean" -X github.com/stolostron/multicloud-operators-foundation/pkg/version.buildDate="2026-02-06T04:35:56Z" " github.com/stolostron/multicloud-operators-foundation/cmd/proxyserver/app
go build -mod=vendor -trimpath -ldflags "-X github.com/stolostron/multicloud-operators-foundation/pkg/version.versionFromGit="v0.0.0-unknown-7976c24" -X github.com/stolostron/multicloud-operators-foundation/pkg/version.commitFromGit="7976c24" -X github.com/stolostron/multicloud-operators-foundation/pkg/version.gitTreeState="clean" -X github.com/stolostron/multicloud-operators-foundation/pkg/version.buildDate="2026-02-06T04:35:56Z" " github.com/stolostron/multicloud-operators-foundation/cmd/proxyserver/app/options
go build -mod=vendor -trimpath -ldflags "-X github.com/stolostron/multicloud-operators-foundation/pkg/version.versionFromGit="v0.0.0-unknown-7976c24" -X github.com/stolostron/multicloud-operators-foundation/pkg/version.commitFromGit="7976c24" -X github.com/stolostron/multicloud-operators-foundation/pkg/version.gitTreeState="clean" -X github.com/stolostron/multicloud-operators-foundation/pkg/version.buildDate="2026-02-06T04:35:56Z" " github.com/stolostron/multicloud-operators-foundation/cmd/webhook
go build -mod=vendor -trimpath -ldflags "-X github.com/stolostron/multicloud-operators-foundation/pkg/version.versionFromGit="v0.0.0-unknown-7976c24" -X github.com/stolostron/multicloud-operators-foundation/pkg/version.commitFromGit="7976c24" -X github.com/stolostron/multicloud-operators-foundation/pkg/version.gitTreeState="clean" -X github.com/stolostron/multicloud-operators-foundation/pkg/version.buildDate="2026-02-06T04:35:56Z" " github.com/stolostron/multicloud-operators-foundation/cmd/webhook/app
go build -mod=vendor -trimpath -ldflags "-X github.com/stolostron/multicloud-operators-foundation/pkg/version.versionFromGit="v0.0.0-unknown-7976c24" -X github.com/stolostron/multicloud-operators-foundation/pkg/version.commitFromGit="7976c24" -X github.com/stolostron/multicloud-operators-foundation/pkg/version.gitTreeState="clean" -X github.com/stolostron/multicloud-operators-foundation/pkg/version.buildDate="2026-02-06T04:35:56Z" " github.com/stolostron/multicloud-operators-foundation/cmd/webhook/app/options
